\BOOKMARK [1][-]{section.1}{\376\377\137\025\212\000}{}% 1
\BOOKMARK [1][-]{section.2}{\376\377\166\370\121\163\135\345\117\134}{}% 2
\BOOKMARK [2][-]{subsection.2.1}{\376\377\123\315\213\310\126\342\117\031\150\300\155\113\142\200\147\057}{section.2}% 3
\BOOKMARK [2][-]{subsection.2.2}{\376\377\116\272\135\345\146\172\200\375\215\113\200\375\133\236\232\214\145\131\133\146}{section.2}% 4
\BOOKMARK [1][-]{section.3}{\376\377\133\236\213\255\217\175\117\123\377\032\000F\000r\000a\000u\000d\000L\000e\000n\000s\000\040\174\373\176\337\151\202\211\310}{}% 5
\BOOKMARK [1][-]{section.4}{\376\377\133\236\213\255\123\357\131\015\163\260\140\047\116\016\200\375\122\233\127\372\176\277}{}% 6
\BOOKMARK [2][-]{subsection.4.1}{\376\377\200\375\122\233\127\372\176\277\116\016\155\210\207\215}{section.4}% 7
\BOOKMARK [2][-]{subsection.4.2}{\376\377\215\046\142\067\176\247\142\151\176\277\131\026\220\350\232\214\213\301\377\010\000A\000M\000L\000S\000i\000m\377\011}{section.4}% 8
\BOOKMARK [1][-]{section.5}{\376\377\133\236\213\255\145\131\133\146\213\276\213\241}{}% 9
\BOOKMARK [2][-]{subsection.5.1}{\376\377\133\146\140\305\122\006\147\220\116\016\213\376\172\013\210\124\143\245}{section.5}% 10
\BOOKMARK [2][-]{subsection.5.2}{\376\377\145\131\133\146\164\006\137\365\116\016\040\034\170\024\040\024\213\255\040\024\213\304\040\035\116\000\117\123\123\026\152\041\137\017}{section.5}% 11
\BOOKMARK [2][-]{subsection.5.3}{\376\377\126\333\163\257\202\202\220\022\217\333\133\236\232\214\224\376}{section.5}% 12
\BOOKMARK [3][-]{subsubsection.5.3.1}{\376\377\000L\000a\000b\0001\377\032\150\110\140\305\122\006\147\220\116\016\170\024\122\044\155\101\172\013}{subsection.5.3}% 13
\BOOKMARK [3][-]{subsubsection.5.3.2}{\376\377\000L\000a\000b\0002\377\032\135\345\121\167\217\205\122\251\116\062\136\166\150\110}{subsection.5.3}% 14
\BOOKMARK [3][-]{subsubsection.5.3.3}{\376\377\000L\000a\000b\0003\377\032\121\273\123\141\121\263\173\126\116\016\117\046\164\006\147\103\210\141}{subsection.5.3}% 15
\BOOKMARK [3][-]{subsubsection.5.3.4}{\376\377\000L\000a\000b\0004\377\032\217\271\165\114\213\244\167\345\116\016\213\332\133\236\123\315\140\035}{subsection.5.3}% 16
\BOOKMARK [2][-]{subsection.5.4}{\376\377\200\003\150\070\145\271\137\017\213\276\213\241}{section.5}% 17
\BOOKMARK [2][-]{subsection.5.5}{\376\377\213\376\172\013\140\035\145\077\116\016\117\046\164\006\145\131\200\262}{section.5}% 18
\BOOKMARK [2][-]{subsection.5.6}{\376\377\145\131\133\146\142\020\145\110\213\364\146\016\116\016\133\236\145\275\230\204\150\110}{section.5}% 19
\BOOKMARK [2][-]{subsection.5.7}{\376\377\145\131\133\146\117\030\121\110\166\204\213\276\213\241\124\362\133\146}{section.5}% 20
\BOOKMARK [1][-]{section.6}{\376\377\176\323\213\272}{}% 21
